sky130_fd_sc_hd__ff_100C_1v65.db.rpt2:  slack (VIOLATED)                                                -0.1526
sky130_fd_sc_hd__ff_100C_1v95.db.rpt2:  slack (VIOLATED)                                                -0.2040
sky130_fd_sc_hd__ff_n40C_1v56.db.rpt2:  slack (VIOLATED)                                                  -0.10
sky130_fd_sc_hd__ff_n40C_1v56.db.rpt2:  slack (VIOLATED)                                                -0.1085
sky130_fd_sc_hd__ff_n40C_1v65.db.rpt2:  slack (VIOLATED)                                                -0.1450
sky130_fd_sc_hd__ff_n40C_1v76.db.rpt2:  slack (VIOLATED)                                                -0.1769
sky130_fd_sc_hd__ss_100C_1v40.db.rpt2:  slack (VIOLATED)                                                  -3.37
sky130_fd_sc_hd__ss_100C_1v60.db.rpt2:  slack (VIOLATED)                                                  -1.82
sky130_fd_sc_hd__ss_n40C_1v28.db.rpt2:  slack (VIOLATED)                                                  -8.65
sky130_fd_sc_hd__ss_n40C_1v35.db.rpt2:  slack (VIOLATED)                                                  -5.64
sky130_fd_sc_hd__ss_n40C_1v40.db.rpt2:  slack (VIOLATED)                                                  -4.61
sky130_fd_sc_hd__ss_n40C_1v44.db.rpt2:  slack (VIOLATED)                                                  -3.73
sky130_fd_sc_hd__ss_n40C_1v76.db.rpt2:  slack (VIOLATED)                                                  -1.06
sky130_fd_sc_hd__tt_025C_1v80.db.rpt2:  slack (VIOLATED)                                                  -0.13
sky130_fd_sc_hd__tt_025C_1v80.db.rpt2:  slack (VIOLATED)                                                -0.0905
sky130_fd_sc_hd__ff_100C_1v65.db.rpt2:  slack (MET)                                                        0.00
sky130_fd_sc_hd__ff_100C_1v95.db.rpt2:  slack (MET)                                                        0.00
sky130_fd_sc_hd__ff_n40C_1v65.db.rpt2:  slack (MET)                                                        0.00
sky130_fd_sc_hd__ff_n40C_1v76.db.rpt2:  slack (MET)                                                        0.00
sky130_fd_sc_hd__ss_100C_1v40.db.rpt2:  slack (MET)                                                      0.2222
sky130_fd_sc_hd__ss_100C_1v60.db.rpt2:  slack (MET)                                                      0.1901
sky130_fd_sc_hd__ss_n40C_1v28.db.rpt2:  slack (MET)                                                      0.2461
sky130_fd_sc_hd__ss_n40C_1v35.db.rpt2:  slack (MET)                                                      0.2229
sky130_fd_sc_hd__ss_n40C_1v40.db.rpt2:  slack (MET)                                                      0.2119
sky130_fd_sc_hd__ss_n40C_1v44.db.rpt2:  slack (MET)                                                      0.2088
sky130_fd_sc_hd__ss_n40C_1v76.db.rpt2:  slack (MET)                                                      0.0851
